success
success
success
success
success
failure
success
3 1 2
2 1 3
failure
success
