success
success
success
3 1 2
2 1 3
failure
size is 3
success
size is 0
success
