success
success
1 2
2 1
success
success
failure
failure
