success
success
success
3 1 2
2 1 3
success
3 1 2 4
4 2 1 3
success
success
success
success
2 1 3
3 1 2
success
4 2 1 3
3 1 2 4
