success
success
success
success
failure
failure
success
